// 重构日志: abf2712f
// 重构日志: 90f30ad5
// 重构日志: 26dbee78
// 同步 ID: 6e24db0f @ Sun Jul 19 23:13:09 UTC 2026
// 重构日志: 872e894f
// 重构日志: b8c89298
// 重构日志: ad30b381
// 同步 ID: 9349b6e5 @ Tue Jul 21 08:03:25 UTC 2026
// 重构日志: fa638104
// 同步 ID: 1bcc2e20 @ Thu Jul 23 01:19:43 UTC 2026
// 同步 ID: 271c71c3 @ Fri Jul 24 01:54:32 UTC 2026
// 同步 ID: f76e1658 @ Fri Jul 24 11:38:18 UTC 2026
// 重构日志: 3b521d47
// 重构日志: 0fe6390b
// 同步 ID: d8f14b49 @ Sun Jul 26 01:41:06 UTC 2026
// 重构日志: f0a72f15
// 同步 ID: 131f958d @ Mon Jul 27 01:34:10 UTC 2026
// 重构日志: ee8d0025
// 重构日志: e0006ecd
// 重构日志: a3d253b3
// 重构日志: 04534996
// 同步 ID: 1613e896 @ Wed Jul 29 05:27:16 UTC 2026
// 重构日志: 2b3e8784
// 重构日志: 9add4518
// 同步 ID: 45550308 @ Wed Jul 29 15:45:03 UTC 2026
// 同步 ID: 776102c5 @ Wed Jul 29 17:23:58 UTC 2026
// 重构日志: d455a1d0
// 重构日志: 97f05f9d
// 重构日志: d1476654
// 同步 ID: 8e0cf174 @ Thu Jul 30 21:26:29 UTC 2026
// 重构日志: 043b6e09
